C51 COMPILER V9.56.0.0   ASCII5X7                                                          07/20/2018 15:28:24 PAGE 1   


C51 COMPILER V9.56.0.0, COMPILATION OF MODULE ASCII5X7
OBJECT MODULE PLACED IN ascii5x7.OBJ
COMPILER INVOKED BY: C:\Keil_v5\C51\BIN\c51.exe ascii5x7.c DB OE BR SMALL OPTIMIZE(11,SIZE) DEFINE(SILABS_PLATFORM_WMB91
                    -2) DEFINE(SILABS_WMCU_SI106x)

line level    source

   1          /*! @file ascii5x7.c
   2           * @brief ASCII character table for 5x7 pixels of characters.
   3           *
   4           * @b COPYRIGHT
   5           * @n Silicon Laboratories Confidential
   6           * @n Copyright 2012 Silicon Laboratories, Inc.
   7           * @n http://www.silabs.com
   8           */
   9          
  10          #include "..\bsp.h"
  11          
  12          /*! ASCII character table for the LCD */
  13          const SEGMENT_VARIABLE(ascii_table5x7[][5u], U8, SEG_CODE) = 
  14          {
  15                  {0x00, 0x00, 0x00, 0x00, 0x00},// (space)
  16                  {0x00, 0x00, 0x5F, 0x00, 0x00},// !
  17                  {0x00, 0x07, 0x00, 0x07, 0x00},// "
  18                  {0x14, 0x7F, 0x14, 0x7F, 0x14},// #
  19                  {0x24, 0x2A, 0x7F, 0x2A, 0x12},// $
  20                  {0x23, 0x13, 0x08, 0x64, 0x62},// %
  21                  {0x36, 0x49, 0x55, 0x22, 0x50},// &
  22                  {0x00, 0x05, 0x03, 0x00, 0x00},// '
  23                  {0x00, 0x1C, 0x22, 0x41, 0x00},// (
  24                  {0x00, 0x41, 0x22, 0x1C, 0x00},// )
  25                  {0x08, 0x2A, 0x1C, 0x2A, 0x08},// *
  26                  {0x08, 0x08, 0x3E, 0x08, 0x08},// +
  27                  {0x00, 0x50, 0x30, 0x00, 0x00},// ,
  28                  {0x08, 0x08, 0x08, 0x08, 0x08},// -
  29                  {0x00, 0x60, 0x60, 0x00, 0x00},// .
  30                  {0x20, 0x10, 0x08, 0x04, 0x02},// /
  31                  {0x3E, 0x51, 0x49, 0x45, 0x3E},// 0
  32                  {0x00, 0x42, 0x7F, 0x40, 0x00},// 1
  33                  {0x42, 0x61, 0x51, 0x49, 0x46},// 2
  34                  {0x21, 0x41, 0x45, 0x4B, 0x31},// 3
  35                  {0x18, 0x14, 0x12, 0x7F, 0x10},// 4
  36                  {0x27, 0x45, 0x45, 0x45, 0x39},// 5
  37                  {0x3C, 0x4A, 0x49, 0x49, 0x30},// 6
  38                  {0x01, 0x71, 0x09, 0x05, 0x03},// 7
  39                  {0x36, 0x49, 0x49, 0x49, 0x36},// 8
  40                  {0x06, 0x49, 0x49, 0x29, 0x1E},// 9
  41                  {0x00, 0x36, 0x36, 0x00, 0x00},// :
  42                  {0x00, 0x56, 0x36, 0x00, 0x00},// ;
  43                  {0x00, 0x08, 0x14, 0x22, 0x41},// <
  44                  {0x14, 0x14, 0x14, 0x14, 0x14},// =
  45                  {0x41, 0x22, 0x14, 0x08, 0x00},// >
  46                  {0x02, 0x01, 0x51, 0x09, 0x06},// ?
  47                  {0x32, 0x49, 0x79, 0x41, 0x3E},// @
  48                  {0x7E, 0x11, 0x11, 0x11, 0x7E},// A
  49                  {0x7F, 0x49, 0x49, 0x49, 0x36},// B
  50                  {0x3E, 0x41, 0x41, 0x41, 0x22},// C
  51                  {0x7F, 0x41, 0x41, 0x22, 0x1C},// D
  52                  {0x7F, 0x49, 0x49, 0x49, 0x41},// E
  53                  {0x7F, 0x09, 0x09, 0x01, 0x01},// F
  54                  {0x3E, 0x41, 0x41, 0x51, 0x32},// G
C51 COMPILER V9.56.0.0   ASCII5X7                                                          07/20/2018 15:28:24 PAGE 2   

  55                  {0x7F, 0x08, 0x08, 0x08, 0x7F},// H
  56                  {0x00, 0x41, 0x7F, 0x41, 0x00},// I
  57                  {0x20, 0x40, 0x41, 0x3F, 0x01},// J
  58                  {0x7F, 0x08, 0x14, 0x22, 0x41},// K
  59                  {0x7F, 0x40, 0x40, 0x40, 0x40},// L
  60                  {0x7F, 0x02, 0x04, 0x02, 0x7F},// M
  61                  {0x7F, 0x04, 0x08, 0x10, 0x7F},// N
  62                  {0x3E, 0x41, 0x41, 0x41, 0x3E},// O
  63                  {0x7F, 0x09, 0x09, 0x09, 0x06},// P
  64                  {0x3E, 0x41, 0x51, 0x21, 0x5E},// Q
  65                  {0x7F, 0x09, 0x19, 0x29, 0x46},// R
  66                  {0x46, 0x49, 0x49, 0x49, 0x31},// S
  67                  {0x01, 0x01, 0x7F, 0x01, 0x01},// T
  68                  {0x3F, 0x40, 0x40, 0x40, 0x3F},// U
  69                  {0x1F, 0x20, 0x40, 0x20, 0x1F},// V
  70                  {0x7F, 0x20, 0x18, 0x20, 0x7F},// W
  71                  {0x63, 0x14, 0x08, 0x14, 0x63},// X
  72                  {0x03, 0x04, 0x78, 0x04, 0x03},// Y
  73                  {0x61, 0x51, 0x49, 0x45, 0x43},// Z
  74                  {0x00, 0x00, 0x7F, 0x41, 0x41},// [
  75                  {0x02, 0x04, 0x08, 0x10, 0x20},// "\"
  76                  {0x41, 0x41, 0x7F, 0x00, 0x00},// ]
  77                  {0x04, 0x02, 0x01, 0x02, 0x04},// ^
  78                  {0x40, 0x40, 0x40, 0x40, 0x40},// _
  79                  {0x00, 0x01, 0x02, 0x04, 0x00},// `
  80                  {0x20, 0x54, 0x54, 0x54, 0x78},// a
  81                  {0x7F, 0x48, 0x44, 0x44, 0x38},// b
  82                  {0x38, 0x44, 0x44, 0x44, 0x20},// c
  83                  {0x38, 0x44, 0x44, 0x48, 0x7F},// d
  84                  {0x38, 0x54, 0x54, 0x54, 0x18},// e
  85                  {0x08, 0x7E, 0x09, 0x01, 0x02},// f
  86                  {0x08, 0x14, 0x54, 0x54, 0x3C},// g
  87                  {0x7F, 0x08, 0x04, 0x04, 0x78},// h
  88                  {0x00, 0x44, 0x7D, 0x40, 0x00},// i
  89                  {0x20, 0x40, 0x44, 0x3D, 0x00},// j
  90                  {0x00, 0x7F, 0x10, 0x28, 0x44},// k
  91                  {0x00, 0x41, 0x7F, 0x40, 0x00},// l
  92                  {0x7C, 0x04, 0x18, 0x04, 0x78},// m
  93                  {0x7C, 0x08, 0x04, 0x04, 0x78},// n
  94                  {0x38, 0x44, 0x44, 0x44, 0x38},// o
  95                  {0x7C, 0x14, 0x14, 0x14, 0x08},// p
  96                  {0x08, 0x14, 0x14, 0x18, 0x7C},// q
  97                  {0x7C, 0x08, 0x04, 0x04, 0x08},// r
  98                  {0x48, 0x54, 0x54, 0x54, 0x20},// s
  99                  {0x04, 0x3F, 0x44, 0x40, 0x20},// t
 100                  {0x3C, 0x40, 0x40, 0x20, 0x7C},// u
 101                  {0x1C, 0x20, 0x40, 0x20, 0x1C},// v
 102                  {0x3C, 0x40, 0x30, 0x40, 0x3C},// w
 103                  {0x44, 0x28, 0x10, 0x28, 0x44},// x
 104                  {0x0C, 0x50, 0x50, 0x50, 0x3C},// y
 105                  {0x44, 0x64, 0x54, 0x4C, 0x44},// z
 106                  {0x00, 0x08, 0x36, 0x41, 0x00},// {
 107                  {0x00, 0x00, 0x7F, 0x00, 0x00},// |
 108                  {0x00, 0x41, 0x36, 0x08, 0x00},// }
 109                  {0x08, 0x08, 0x2A, 0x1C, 0x08},// ->
 110                  {0x08, 0x1C, 0x2A, 0x08, 0x08},// <-
 111                  {0x08, 0x04, 0x7E, 0x04, 0x08},// Up
 112                  {0x10, 0x20, 0x7E, 0x20, 0x10},// Dn
 113                  {0x08, 0x1C, 0x2A, 0x1C, 0x08},// <>
 114          };
 115          
 116          
C51 COMPILER V9.56.0.0   ASCII5X7                                                          07/20/2018 15:28:24 PAGE 3   



MODULE INFORMATION:   STATIC OVERLAYABLE
   CODE SIZE        =   ----    ----
   CONSTANT SIZE    =    495    ----
   XDATA SIZE       =   ----    ----
   PDATA SIZE       =   ----    ----
   DATA SIZE        =   ----    ----
   IDATA SIZE       =   ----    ----
   BIT SIZE         =   ----    ----
END OF MODULE INFORMATION.


C51 COMPILATION COMPLETE.  0 WARNING(S),  0 ERROR(S)
